// Jest Snapshot v1, https://goo.gl/fbAQLP

exports[`Dropdown should render correctly 1`] = `"<div></div>"`;
